192.168.0.46 - Amelio Apaza Humerez [28/May/2017:21:52:55 -0500] "GET /lamb/public/app2?mod_id=6&token= HTTP/1.1" 200 401 "http://amelio.apaza.lamb-dev.upeu/dist/" "Mozilla/5.0 (Windows NT 6.2; Win64; x64) AppleWebKit/537.36 (KHTML, like Gecko) Chrome/58.0.3029.110 Safari/537.36"
192.168.0.46 - Amelio Apaza Humerez [28/May/2017:21:52:56 -0500] "GET /lamb/public/app2?mod_id=6&token= HTTP/1.1" 200 401 "http://amelio.apaza.lamb-dev.upeu/dist/" "Mozilla/5.0 (Windows NT 6.2; Win64; x64) AppleWebKit/537.36 (KHTML, like Gecko) Chrome/58.0.3029.110 Safari/537.36"
192.168.0.46 - - [28/May/2017:21:53:00 -0500] "OPTIONS /lamb/public/report?filter=&limit=10&order=-id&page=1&token= HTTP/1.1" 200 - "http://amelio.apaza.lamb-dev.upeu/dist/" "Mozilla/5.0 (Windows NT 6.2; Win64; x64) AppleWebKit/537.36 (KHTML, like Gecko) Chrome/58.0.3029.110 Safari/537.36"
192.168.0.46 - Amelio Apaza Humerez [28/May/2017:21:53:01 -0500] "GET /lamb/public/report?filter=&limit=10&order=-id&page=1&token= HTTP/1.1" 200 1258 "http://amelio.apaza.lamb-dev.upeu/dist/" "Mozilla/5.0 (Windows NT 6.2; Win64; x64) AppleWebKit/537.36 (KHTML, like Gecko) Chrome/58.0.3029.110 Safari/537.36"
192.168.0.17 - - [28/May/2017:21:53:04 -0500] "OPTIONS /lamb/public/login?email=carlos.saavedra&password=password1&username=carlos.saavedra HTTP/1.1" 200 - "-" "Mozilla/5.0 (Macintosh; Intel Mac OS X 10.12; rv:51.0) Gecko/20100101 Firefox/51.0"
192.168.0.17 - - [28/May/2017:21:53:04 -0500] "POST /lamb/public/login?email=carlos.saavedra&password=password1&username=carlos.saavedra HTTP/1.1" 200 112 "http://amelio.apaza.lamb-dev.upeu/dist/" "Mozilla/5.0 (Macintosh; Intel Mac OS X 10.12; rv:51.0) Gecko/20100101 Firefox/51.0"
192.168.0.17 - - [28/May/2017:21:53:04 -0500] "OPTIONS /lamb/public/app?token= HTTP/1.1" 200 - "-" "Mozilla/5.0 (Macintosh; Intel Mac OS X 10.12; rv:51.0) Gecko/20100101 Firefox/51.0"
192.168.0.17 - - [28/May/2017:21:53:04 -0500] "OPTIONS /lamb/public/example/email/inbox HTTP/1.1" 404 12600 "-" "Mozilla/5.0 (Macintosh; Intel Mac OS X 10.12; rv:51.0) Gecko/20100101 Firefox/51.0"
192.168.0.17 - Carlos Eduardo Saavedra Vasconez [28/May/2017:21:53:04 -0500] "GET /lamb/public/app?token= HTTP/1.1" 200 250 "http://amelio.apaza.lamb-dev.upeu/dist/" "Mozilla/5.0 (Macintosh; Intel Mac OS X 10.12; rv:51.0) Gecko/20100101 Firefox/51.0"
192.168.0.46 - - [28/May/2017:21:55:12 -0500] "OPTIONS /lamb/public/app?token= HTTP/1.1" 200 - "http://amelio.apaza.lamb-dev.upeu/dist/" "Mozilla/5.0 (Windows NT 6.2; Win64; x64) AppleWebKit/537.36 (KHTML, like Gecko) Chrome/58.0.3029.110 Safari/537.36"
192.168.0.46 - Amelio Apaza Humerez [28/May/2017:21:55:13 -0500] "GET /lamb/public/app?token= HTTP/1.1" 200 250 "http://amelio.apaza.lamb-dev.upeu/dist/" "Mozilla/5.0 (Windows NT 6.2; Win64; x64) AppleWebKit/537.36 (KHTML, like Gecko) Chrome/58.0.3029.110 Safari/537.36"
192.168.0.46 - - [28/May/2017:21:55:29 -0500] "OPTIONS /lamb/public/example/email/inbox HTTP/1.1" 404 12600 "http://amelio.apaza.lamb-dev.upeu/dist/" "Mozilla/5.0 (Windows NT 6.2; Win64; x64) AppleWebKit/537.36 (KHTML, like Gecko) Chrome/58.0.3029.110 Safari/537.36"
192.168.0.46 - - [28/May/2017:21:55:38 -0500] "OPTIONS /lamb/public/example/email/inbox HTTP/1.1" 404 12600 "http://amelio.apaza.lamb-dev.upeu/dist/" "Mozilla/5.0 (Windows NT 6.2; Win64; x64) AppleWebKit/537.36 (KHTML, like Gecko) Chrome/58.0.3029.110 Safari/537.36"
192.168.0.46 - - [28/May/2017:21:55:42 -0500] "OPTIONS /lamb/public/example/email/inbox HTTP/1.1" 404 12600 "http://amelio.apaza.lamb-dev.upeu/dist/" "Mozilla/5.0 (Windows NT 6.2; Win64; x64) AppleWebKit/537.36 (KHTML, like Gecko) Chrome/58.0.3029.110 Safari/537.36"
192.168.0.17 - - [28/May/2017:21:56:13 -0500] "OPTIONS /lamb/public/app2?mod_id=6&token= HTTP/1.1" 200 - "-" "Mozilla/5.0 (Macintosh; Intel Mac OS X 10.12; rv:51.0) Gecko/20100101 Firefox/51.0"
192.168.0.17 - Carlos Eduardo Saavedra Vasconez [28/May/2017:21:56:13 -0500] "GET /lamb/public/app2?mod_id=6&token= HTTP/1.1" 200 401 "http://amelio.apaza.lamb-dev.upeu/dist/" "Mozilla/5.0 (Macintosh; Intel Mac OS X 10.12; rv:51.0) Gecko/20100101 Firefox/51.0"
192.168.0.17 - - [28/May/2017:21:56:19 -0500] "OPTIONS /lamb/public/example/email/inbox HTTP/1.1" 404 12600 "-" "Mozilla/5.0 (Macintosh; Intel Mac OS X 10.12; rv:51.0) Gecko/20100101 Firefox/51.0"
192.168.0.17 - - [28/May/2017:21:56:29 -0500] "OPTIONS /lamb/public/app?token= HTTP/1.1" 200 - "-" "Mozilla/5.0 (Macintosh; Intel Mac OS X 10.12; rv:51.0) Gecko/20100101 Firefox/51.0"
192.168.0.17 - Carlos Eduardo Saavedra Vasconez [28/May/2017:21:56:29 -0500] "GET /lamb/public/app?token= HTTP/1.1" 200 250 "http://amelio.apaza.lamb-dev.upeu/dist/" "Mozilla/5.0 (Macintosh; Intel Mac OS X 10.12; rv:51.0) Gecko/20100101 Firefox/51.0"
192.168.0.46 - - [28/May/2017:21:56:32 -0500] "OPTIONS /lamb/public/example/email/contacts HTTP/1.1" 404 12600 "http://amelio.apaza.lamb-dev.upeu/dist/" "Mozilla/5.0 (Windows NT 6.2; Win64; x64) AppleWebKit/537.36 (KHTML, like Gecko) Chrome/58.0.3029.110 Safari/537.36"
192.168.0.46 - - [28/May/2017:21:56:37 -0500] "OPTIONS /lamb/public/example/elements/icons HTTP/1.1" 404 12600 "http://amelio.apaza.lamb-dev.upeu/dist/" "Mozilla/5.0 (Windows NT 6.2; Win64; x64) AppleWebKit/537.36 (KHTML, like Gecko) Chrome/58.0.3029.110 Safari/537.36"
192.168.0.46 - - [28/May/2017:21:56:37 -0500] "OPTIONS /lamb/public/example/elements/icons-fa HTTP/1.1" 404 12600 "http://amelio.apaza.lamb-dev.upeu/dist/" "Mozilla/5.0 (Windows NT 6.2; Win64; x64) AppleWebKit/537.36 (KHTML, like Gecko) Chrome/58.0.3029.110 Safari/537.36"
192.168.0.46 - - [28/May/2017:21:56:40 -0500] "OPTIONS /lamb/public/example/email/inbox HTTP/1.1" 404 12600 "http://amelio.apaza.lamb-dev.upeu/dist/" "Mozilla/5.0 (Windows NT 6.2; Win64; x64) AppleWebKit/537.36 (KHTML, like Gecko) Chrome/58.0.3029.110 Safari/537.36"
192.168.0.17 - - [28/May/2017:21:57:33 -0500] "OPTIONS /lamb/public/example/email/inbox HTTP/1.1" 404 12600 "-" "Mozilla/5.0 (Macintosh; Intel Mac OS X 10.12; rv:51.0) Gecko/20100101 Firefox/51.0"
192.168.0.17 - - [28/May/2017:21:57:39 -0500] "OPTIONS /lamb/public/example/email/inbox HTTP/1.1" 404 12600 "-" "Mozilla/5.0 (Macintosh; Intel Mac OS X 10.12; rv:51.0) Gecko/20100101 Firefox/51.0"
192.168.0.17 - - [28/May/2017:22:01:40 -0500] "OPTIONS /lamb/public/app?token= HTTP/1.1" 200 - "-" "Mozilla/5.0 (Macintosh; Intel Mac OS X 10.12; rv:51.0) Gecko/20100101 Firefox/51.0"
192.168.0.17 - Carlos Eduardo Saavedra Vasconez [28/May/2017:22:01:40 -0500] "GET /lamb/public/app?token= HTTP/1.1" 200 250 "http://amelio.apaza.lamb-dev.upeu/dist/" "Mozilla/5.0 (Macintosh; Intel Mac OS X 10.12; rv:51.0) Gecko/20100101 Firefox/51.0"
192.168.0.17 - - [28/May/2017:22:01:43 -0500] "OPTIONS /lamb/public/app2?mod_id=6&token= HTTP/1.1" 200 - "-" "Mozilla/5.0 (Macintosh; Intel Mac OS X 10.12; rv:51.0) Gecko/20100101 Firefox/51.0"
192.168.0.17 - Carlos Eduardo Saavedra Vasconez [28/May/2017:22:01:43 -0500] "GET /lamb/public/app2?mod_id=6&token= HTTP/1.1" 200 401 "http://amelio.apaza.lamb-dev.upeu/dist/" "Mozilla/5.0 (Macintosh; Intel Mac OS X 10.12; rv:51.0) Gecko/20100101 Firefox/51.0"
192.168.0.17 - - [28/May/2017:22:01:47 -0500] "OPTIONS /lamb/public/report?filter=&limit=10&order=-id&page=1&token= HTTP/1.1" 200 - "-" "Mozilla/5.0 (Macintosh; Intel Mac OS X 10.12; rv:51.0) Gecko/20100101 Firefox/51.0"
192.168.0.17 - Carlos Eduardo Saavedra Vasconez [28/May/2017:22:01:47 -0500] "GET /lamb/public/report?filter=&limit=10&order=-id&page=1&token= HTTP/1.1" 200 1258 "http://amelio.apaza.lamb-dev.upeu/dist/" "Mozilla/5.0 (Macintosh; Intel Mac OS X 10.12; rv:51.0) Gecko/20100101 Firefox/51.0"
192.168.0.11 - - [28/May/2017:22:06:00 -0500] "OPTIONS /lamb/public/login?email=amelio.apaza&password=password1&username=amelio.apaza HTTP/1.1" 200 - "http://amelio.apaza.lamb-dev.upeu/dist/" "Mozilla/5.0 (Linux; Android 6.0.1; SM-J700M Build/MMB29K) AppleWebKit/537.36 (KHTML, like Gecko) Chrome/58.0.3029.83 Mobile Safari/537.36"
192.168.0.11 - - [28/May/2017:22:06:00 -0500] "POST /lamb/public/login?email=amelio.apaza&password=password1&username=amelio.apaza HTTP/1.1" 200 100 "http://amelio.apaza.lamb-dev.upeu/dist/" "Mozilla/5.0 (Linux; Android 6.0.1; SM-J700M Build/MMB29K) AppleWebKit/537.36 (KHTML, like Gecko) Chrome/58.0.3029.83 Mobile Safari/537.36"
192.168.0.11 - - [28/May/2017:22:06:01 -0500] "OPTIONS /lamb/public/app?token= HTTP/1.1" 200 - "http://amelio.apaza.lamb-dev.upeu/dist/" "Mozilla/5.0 (Linux; Android 6.0.1; SM-J700M Build/MMB29K) AppleWebKit/537.36 (KHTML, like Gecko) Chrome/58.0.3029.83 Mobile Safari/537.36"
192.168.0.11 - - [28/May/2017:22:06:01 -0500] "OPTIONS /lamb/public/example/email/inbox HTTP/1.1" 404 12600 "http://amelio.apaza.lamb-dev.upeu/dist/" "Mozilla/5.0 (Linux; Android 6.0.1; SM-J700M Build/MMB29K) AppleWebKit/537.36 (KHTML, like Gecko) Chrome/58.0.3029.83 Mobile Safari/537.36"
192.168.0.11 - Amelio Apaza Humerez [28/May/2017:22:06:04 -0500] "GET /lamb/public/app?token= HTTP/1.1" 200 250 "http://amelio.apaza.lamb-dev.upeu/dist/" "Mozilla/5.0 (Linux; Android 6.0.1; SM-J700M Build/MMB29K) AppleWebKit/537.36 (KHTML, like Gecko) Chrome/58.0.3029.83 Mobile Safari/537.36"
192.168.0.11 - - [28/May/2017:22:06:13 -0500] "OPTIONS /lamb/public/app2?mod_id=6&token= HTTP/1.1" 200 - "http://amelio.apaza.lamb-dev.upeu/dist/" "Mozilla/5.0 (Linux; Android 6.0.1; SM-J700M Build/MMB29K) AppleWebKit/537.36 (KHTML, like Gecko) Chrome/58.0.3029.83 Mobile Safari/537.36"
192.168.0.11 - Amelio Apaza Humerez [28/May/2017:22:06:14 -0500] "GET /lamb/public/app2?mod_id=6&token= HTTP/1.1" 200 401 "http://amelio.apaza.lamb-dev.upeu/dist/" "Mozilla/5.0 (Linux; Android 6.0.1; SM-J700M Build/MMB29K) AppleWebKit/537.36 (KHTML, like Gecko) Chrome/58.0.3029.83 Mobile Safari/537.36"
192.168.0.11 - - [28/May/2017:22:06:19 -0500] "OPTIONS /lamb/public/report?filter=&limit=10&order=-id&page=1&token= HTTP/1.1" 200 - "http://amelio.apaza.lamb-dev.upeu/dist/" "Mozilla/5.0 (Linux; Android 6.0.1; SM-J700M Build/MMB29K) AppleWebKit/537.36 (KHTML, like Gecko) Chrome/58.0.3029.83 Mobile Safari/537.36"
192.168.0.11 - Amelio Apaza Humerez [28/May/2017:22:06:19 -0500] "GET /lamb/public/report?filter=&limit=10&order=-id&page=1&token= HTTP/1.1" 200 1258 "http://amelio.apaza.lamb-dev.upeu/dist/" "Mozilla/5.0 (Linux; Android 6.0.1; SM-J700M Build/MMB29K) AppleWebKit/537.36 (KHTML, like Gecko) Chrome/58.0.3029.83 Mobile Safari/537.36"
192.168.0.11 - - [28/May/2017:22:09:06 -0500] "OPTIONS /lamb/public/example/email/inbox HTTP/1.1" 404 12600 "http://amelio.apaza.lamb-dev.upeu/dist/" "Mozilla/5.0 (Linux; Android 6.0.1; SM-J700M Build/MMB29K) AppleWebKit/537.36 (KHTML, like Gecko) Chrome/58.0.3029.83 Mobile Safari/537.36"
192.168.0.11 - - [28/May/2017:22:09:08 -0500] "OPTIONS /lamb/public/report?filter=&limit=10&order=-id&page=1&token= HTTP/1.1" 200 - "http://amelio.apaza.lamb-dev.upeu/dist/" "Mozilla/5.0 (Linux; Android 6.0.1; SM-J700M Build/MMB29K) AppleWebKit/537.36 (KHTML, like Gecko) Chrome/58.0.3029.83 Mobile Safari/537.36"
192.168.0.11 - Amelio Apaza Humerez [28/May/2017:22:09:10 -0500] "GET /lamb/public/report?filter=&limit=10&order=-id&page=1&token= HTTP/1.1" 200 1258 "http://amelio.apaza.lamb-dev.upeu/dist/" "Mozilla/5.0 (Linux; Android 6.0.1; SM-J700M Build/MMB29K) AppleWebKit/537.36 (KHTML, like Gecko) Chrome/58.0.3029.83 Mobile Safari/537.36"
10.50.10.95 - - [29/May/2017:11:56:07 -0500] "OPTIONS /lamb/public/login?email=carlos.saavedra&password=password1&username=carlos.saavedra HTTP/1.1" 200 - "-" "Mozilla/5.0 (Windows NT 10.0; Win64; x64) AppleWebKit/537.36 (KHTML, like Gecko) Chrome/51.0.2704.79 Safari/537.36 Edge/14.14393"
10.50.10.95 - - [29/May/2017:11:56:07 -0500] "POST /lamb/public/login?email=carlos.saavedra&password=password1&username=carlos.saavedra HTTP/1.1" 200 112 "http://amelio.apaza.lamb-dev.upeu/dist/" "Mozilla/5.0 (Windows NT 10.0; Win64; x64) AppleWebKit/537.36 (KHTML, like Gecko) Chrome/51.0.2704.79 Safari/537.36 Edge/14.14393"
10.50.10.95 - - [29/May/2017:11:56:07 -0500] "OPTIONS /lamb/public/app?token= HTTP/1.1" 200 - "-" "Mozilla/5.0 (Windows NT 10.0; Win64; x64) AppleWebKit/537.36 (KHTML, like Gecko) Chrome/51.0.2704.79 Safari/537.36 Edge/14.14393"
10.50.10.95 - - [29/May/2017:11:56:07 -0500] "OPTIONS /lamb/public/example/email/inbox HTTP/1.1" 404 12600 "-" "Mozilla/5.0 (Windows NT 10.0; Win64; x64) AppleWebKit/537.36 (KHTML, like Gecko) Chrome/51.0.2704.79 Safari/537.36 Edge/14.14393"
10.50.10.95 - Carlos Eduardo Saavedra Vasconez [29/May/2017:11:56:09 -0500] "GET /lamb/public/app?token= HTTP/1.1" 200 250 "http://amelio.apaza.lamb-dev.upeu/dist/" "Mozilla/5.0 (Windows NT 10.0; Win64; x64) AppleWebKit/537.36 (KHTML, like Gecko) Chrome/51.0.2704.79 Safari/537.36 Edge/14.14393"
10.50.10.95 - - [29/May/2017:11:57:48 -0500] "OPTIONS /lamb/public/app?token= HTTP/1.1" 200 - "-" "Mozilla/5.0 (Windows NT 10.0; Win64; x64) AppleWebKit/537.36 (KHTML, like Gecko) Chrome/51.0.2704.79 Safari/537.36 Edge/14.14393"
10.50.10.95 - Carlos Eduardo Saavedra Vasconez [29/May/2017:11:57:48 -0500] "GET /lamb/public/app?token= HTTP/1.1" 200 250 "http://amelio.apaza.lamb-dev.upeu/dist/" "Mozilla/5.0 (Windows NT 10.0; Win64; x64) AppleWebKit/537.36 (KHTML, like Gecko) Chrome/51.0.2704.79 Safari/537.36 Edge/14.14393"
10.50.10.95 - - [29/May/2017:11:57:54 -0500] "OPTIONS /lamb/public/app2?mod_id=12&token= HTTP/1.1" 200 - "-" "Mozilla/5.0 (Windows NT 10.0; Win64; x64) AppleWebKit/537.36 (KHTML, like Gecko) Chrome/51.0.2704.79 Safari/537.36 Edge/14.14393"
10.50.10.95 - Carlos Eduardo Saavedra Vasconez [29/May/2017:11:57:55 -0500] "GET /lamb/public/app2?mod_id=12&token= HTTP/1.1" 200 56 "http://amelio.apaza.lamb-dev.upeu/dist/" "Mozilla/5.0 (Windows NT 10.0; Win64; x64) AppleWebKit/537.36 (KHTML, like Gecko) Chrome/51.0.2704.79 Safari/537.36 Edge/14.14393"
10.50.10.95 - - [29/May/2017:11:57:58 -0500] "OPTIONS /lamb/public/report?filter=&limit=10&order=-id&page=1&token= HTTP/1.1" 200 - "-" "Mozilla/5.0 (Windows NT 10.0; Win64; x64) AppleWebKit/537.36 (KHTML, like Gecko) Chrome/51.0.2704.79 Safari/537.36 Edge/14.14393"
10.50.10.95 - Carlos Eduardo Saavedra Vasconez [29/May/2017:11:57:58 -0500] "GET /lamb/public/report?filter=&limit=10&order=-id&page=1&token= HTTP/1.1" 200 1258 "http://amelio.apaza.lamb-dev.upeu/dist/" "Mozilla/5.0 (Windows NT 10.0; Win64; x64) AppleWebKit/537.36 (KHTML, like Gecko) Chrome/51.0.2704.79 Safari/537.36 Edge/14.14393"
10.50.10.95 - - [29/May/2017:12:29:33 -0500] "OPTIONS /lamb/public/example/email/inbox HTTP/1.1" 404 12600 "-" "Mozilla/5.0 (Windows NT 10.0; Win64; x64) AppleWebKit/537.36 (KHTML, like Gecko) Chrome/51.0.2704.79 Safari/537.36 Edge/14.14393"
10.50.10.95 - - [29/May/2017:12:29:50 -0500] "OPTIONS /lamb/public/app?token= HTTP/1.1" 200 - "-" "Mozilla/5.0 (Windows NT 10.0; Win64; x64) AppleWebKit/537.36 (KHTML, like Gecko) Chrome/51.0.2704.79 Safari/537.36 Edge/14.14393"
10.50.10.95 - Carlos Eduardo Saavedra Vasconez [29/May/2017:12:29:50 -0500] "GET /lamb/public/app?token= HTTP/1.1" 200 250 "http://amelio.apaza.lamb-dev.upeu/dist/" "Mozilla/5.0 (Windows NT 10.0; Win64; x64) AppleWebKit/537.36 (KHTML, like Gecko) Chrome/51.0.2704.79 Safari/537.36 Edge/14.14393"
10.50.10.23 - - [29/May/2017:12:29:51 -0500] "GET /report HTTP/1.1" 404 204 "-" "Mozilla/5.0 (Windows NT 10.0; Win64; x64) AppleWebKit/537.36 (KHTML, like Gecko) Chrome/51.0.2704.79 Safari/537.36 Edge/14.14393"
10.50.10.23 - - [29/May/2017:12:29:51 -0500] "GET /favicon.ico HTTP/1.1" 404 209 "-" "Mozilla/5.0 (Windows NT 10.0; Win64; x64) AppleWebKit/537.36 (KHTML, like Gecko) Chrome/51.0.2704.79 Safari/537.36 Edge/14.14393"
10.50.10.95 - - [29/May/2017:12:29:52 -0500] "OPTIONS /lamb/public/app2?mod_id=12&token= HTTP/1.1" 200 - "-" "Mozilla/5.0 (Windows NT 10.0; Win64; x64) AppleWebKit/537.36 (KHTML, like Gecko) Chrome/51.0.2704.79 Safari/537.36 Edge/14.14393"
10.50.10.95 - Carlos Eduardo Saavedra Vasconez [29/May/2017:12:29:52 -0500] "GET /lamb/public/app2?mod_id=12&token= HTTP/1.1" 200 56 "http://amelio.apaza.lamb-dev.upeu/dist/" "Mozilla/5.0 (Windows NT 10.0; Win64; x64) AppleWebKit/537.36 (KHTML, like Gecko) Chrome/51.0.2704.79 Safari/537.36 Edge/14.14393"
10.50.10.95 - - [29/May/2017:12:29:56 -0500] "OPTIONS /lamb/public/report?filter=&limit=10&order=-id&page=1&token= HTTP/1.1" 200 - "-" "Mozilla/5.0 (Windows NT 10.0; Win64; x64) AppleWebKit/537.36 (KHTML, like Gecko) Chrome/51.0.2704.79 Safari/537.36 Edge/14.14393"
10.50.10.95 - Carlos Eduardo Saavedra Vasconez [29/May/2017:12:29:56 -0500] "GET /lamb/public/report?filter=&limit=10&order=-id&page=1&token= HTTP/1.1" 200 10615 "http://amelio.apaza.lamb-dev.upeu/dist/" "Mozilla/5.0 (Windows NT 10.0; Win64; x64) AppleWebKit/537.36 (KHTML, like Gecko) Chrome/51.0.2704.79 Safari/537.36 Edge/14.14393"
10.50.10.23 - - [29/May/2017:12:29:57 -0500] "GET /lamb/report HTTP/1.1" 404 209 "-" "Mozilla/5.0 (Windows NT 10.0; Win64; x64) AppleWebKit/537.36 (KHTML, like Gecko) Chrome/51.0.2704.79 Safari/537.36 Edge/14.14393"
10.50.10.23 - - [29/May/2017:12:29:57 -0500] "GET /favicon.ico HTTP/1.1" 404 209 "-" "Mozilla/5.0 (Windows NT 10.0; Win64; x64) AppleWebKit/537.36 (KHTML, like Gecko) Chrome/51.0.2704.79 Safari/537.36 Edge/14.14393"
10.50.10.23 - - [29/May/2017:12:30:05 -0500] "GET / HTTP/1.1" 200 147 "-" "Mozilla/5.0 (Windows NT 10.0; Win64; x64) AppleWebKit/537.36 (KHTML, like Gecko) Chrome/51.0.2704.79 Safari/537.36 Edge/14.14393"
10.50.10.23 - - [29/May/2017:12:30:09 -0500] "GET /lamb/report HTTP/1.1" 404 209 "-" "Mozilla/5.0 (Windows NT 10.0; Win64; x64) AppleWebKit/537.36 (KHTML, like Gecko) Chrome/51.0.2704.79 Safari/537.36 Edge/14.14393"
10.50.10.23 - - [29/May/2017:12:30:18 -0500] "GET /lamb/public/report HTTP/1.1" 200 10617 "-" "Mozilla/5.0 (Windows NT 10.0; Win64; x64) AppleWebKit/537.36 (KHTML, like Gecko) Chrome/51.0.2704.79 Safari/537.36 Edge/14.14393"
10.50.10.95 - - [29/May/2017:12:31:30 -0500] "OPTIONS /lamb/public/app?token= HTTP/1.1" 200 - "-" "Mozilla/5.0 (Windows NT 10.0; Win64; x64) AppleWebKit/537.36 (KHTML, like Gecko) Chrome/51.0.2704.79 Safari/537.36 Edge/14.14393"
10.50.10.95 - Carlos Eduardo Saavedra Vasconez [29/May/2017:12:31:30 -0500] "GET /lamb/public/app?token= HTTP/1.1" 200 250 "http://amelio.apaza.lamb-dev.upeu/dist/" "Mozilla/5.0 (Windows NT 10.0; Win64; x64) AppleWebKit/537.36 (KHTML, like Gecko) Chrome/51.0.2704.79 Safari/537.36 Edge/14.14393"
10.50.10.23 - - [29/May/2017:12:36:31 -0500] "OPTIONS /lamb/public/login?email=amelio.apaza&password=password1&username=amelio.apaza HTTP/1.1" 200 - "-" "Mozilla/5.0 (Windows NT 10.0; Win64; x64) AppleWebKit/537.36 (KHTML, like Gecko) Chrome/51.0.2704.79 Safari/537.36 Edge/14.14393"
10.50.10.23 - - [29/May/2017:12:36:31 -0500] "POST /lamb/public/login?email=amelio.apaza&password=password1&username=amelio.apaza HTTP/1.1" 200 100 "http://amelio.apaza.lamb-dev.upeu/dist/" "Mozilla/5.0 (Windows NT 10.0; Win64; x64) AppleWebKit/537.36 (KHTML, like Gecko) Chrome/51.0.2704.79 Safari/537.36 Edge/14.14393"
10.50.10.23 - - [29/May/2017:12:36:31 -0500] "OPTIONS /lamb/public/app?token= HTTP/1.1" 200 - "-" "Mozilla/5.0 (Windows NT 10.0; Win64; x64) AppleWebKit/537.36 (KHTML, like Gecko) Chrome/51.0.2704.79 Safari/537.36 Edge/14.14393"
10.50.10.23 - - [29/May/2017:12:36:31 -0500] "OPTIONS /lamb/public/example/email/inbox HTTP/1.1" 404 12600 "-" "Mozilla/5.0 (Windows NT 10.0; Win64; x64) AppleWebKit/537.36 (KHTML, like Gecko) Chrome/51.0.2704.79 Safari/537.36 Edge/14.14393"
10.50.10.23 - Amelio Apaza Humerez [29/May/2017:12:36:33 -0500] "GET /lamb/public/app?token= HTTP/1.1" 200 250 "http://amelio.apaza.lamb-dev.upeu/dist/" "Mozilla/5.0 (Windows NT 10.0; Win64; x64) AppleWebKit/537.36 (KHTML, like Gecko) Chrome/51.0.2704.79 Safari/537.36 Edge/14.14393"
10.50.10.23 - - [29/May/2017:12:36:36 -0500] "OPTIONS /lamb/public/app2?mod_id=1&token= HTTP/1.1" 200 - "-" "Mozilla/5.0 (Windows NT 10.0; Win64; x64) AppleWebKit/537.36 (KHTML, like Gecko) Chrome/51.0.2704.79 Safari/537.36 Edge/14.14393"
10.50.10.23 - Amelio Apaza Humerez [29/May/2017:12:36:36 -0500] "GET /lamb/public/app2?mod_id=1&token= HTTP/1.1" 200 444 "http://amelio.apaza.lamb-dev.upeu/dist/" "Mozilla/5.0 (Windows NT 10.0; Win64; x64) AppleWebKit/537.36 (KHTML, like Gecko) Chrome/51.0.2704.79 Safari/537.36 Edge/14.14393"
10.50.10.23 - - [29/May/2017:12:36:39 -0500] "OPTIONS /lamb/public/report?filter=&limit=10&order=-id&page=1&token= HTTP/1.1" 200 - "-" "Mozilla/5.0 (Windows NT 10.0; Win64; x64) AppleWebKit/537.36 (KHTML, like Gecko) Chrome/51.0.2704.79 Safari/537.36 Edge/14.14393"
10.50.10.23 - Amelio Apaza Humerez [29/May/2017:12:36:39 -0500] "GET /lamb/public/report?filter=&limit=10&order=-id&page=1&token= HTTP/1.1" 200 10619 "http://amelio.apaza.lamb-dev.upeu/dist/" "Mozilla/5.0 (Windows NT 10.0; Win64; x64) AppleWebKit/537.36 (KHTML, like Gecko) Chrome/51.0.2704.79 Safari/537.36 Edge/14.14393"
10.50.10.23 - - [29/May/2017:12:37:08 -0500] "GET /lamb/public/report HTTP/1.1" 200 10619 "-" "Mozilla/5.0 (Windows NT 10.0; Win64; x64) AppleWebKit/537.36 (KHTML, like Gecko) Chrome/51.0.2704.79 Safari/537.36 Edge/14.14393"
10.50.10.23 - - [29/May/2017:12:37:45 -0500] "GET /lamb/public/report HTTP/1.1" 200 10619 "-" "Mozilla/5.0 (Windows NT 10.0; Win64; x64) AppleWebKit/537.36 (KHTML, like Gecko) Chrome/51.0.2704.79 Safari/537.36 Edge/14.14393"
10.50.10.23 - - [29/May/2017:12:37:46 -0500] "GET /lamb/public/report HTTP/1.1" 200 10619 "-" "Mozilla/5.0 (Windows NT 10.0; Win64; x64) AppleWebKit/537.36 (KHTML, like Gecko) Chrome/51.0.2704.79 Safari/537.36 Edge/14.14393"
10.50.10.95 - - [29/May/2017:12:38:18 -0500] "OPTIONS /lamb/public/app?token= HTTP/1.1" 200 - "-" "Mozilla/5.0 (Windows NT 10.0; Win64; x64) AppleWebKit/537.36 (KHTML, like Gecko) Chrome/51.0.2704.79 Safari/537.36 Edge/14.14393"
10.50.10.95 - - [29/May/2017:12:38:18 -0500] "OPTIONS /lamb/public/example/email/inbox HTTP/1.1" 404 12600 "-" "Mozilla/5.0 (Windows NT 10.0; Win64; x64) AppleWebKit/537.36 (KHTML, like Gecko) Chrome/51.0.2704.79 Safari/537.36 Edge/14.14393"
10.50.10.95 - Carlos Eduardo Saavedra Vasconez [29/May/2017:12:38:20 -0500] "GET /lamb/public/app?token= HTTP/1.1" 200 250 "http://amelio.apaza.lamb-dev.upeu/dist/" "Mozilla/5.0 (Windows NT 10.0; Win64; x64) AppleWebKit/537.36 (KHTML, like Gecko) Chrome/51.0.2704.79 Safari/537.36 Edge/14.14393"
10.50.10.95 - - [29/May/2017:12:38:28 -0500] "OPTIONS /lamb/public/app2?mod_id=1&token= HTTP/1.1" 200 - "-" "Mozilla/5.0 (Windows NT 10.0; Win64; x64) AppleWebKit/537.36 (KHTML, like Gecko) Chrome/51.0.2704.79 Safari/537.36 Edge/14.14393"
10.50.10.95 - Carlos Eduardo Saavedra Vasconez [29/May/2017:12:38:28 -0500] "GET /lamb/public/app2?mod_id=1&token= HTTP/1.1" 200 444 "http://amelio.apaza.lamb-dev.upeu/dist/" "Mozilla/5.0 (Windows NT 10.0; Win64; x64) AppleWebKit/537.36 (KHTML, like Gecko) Chrome/51.0.2704.79 Safari/537.36 Edge/14.14393"
10.50.10.95 - - [29/May/2017:12:38:32 -0500] "OPTIONS /lamb/public/report?filter=&limit=10&order=-id&page=1&token= HTTP/1.1" 200 - "-" "Mozilla/5.0 (Windows NT 10.0; Win64; x64) AppleWebKit/537.36 (KHTML, like Gecko) Chrome/51.0.2704.79 Safari/537.36 Edge/14.14393"
10.50.10.95 - Carlos Eduardo Saavedra Vasconez [29/May/2017:12:38:32 -0500] "GET /lamb/public/report?filter=&limit=10&order=-id&page=1&token= HTTP/1.1" 200 10619 "http://amelio.apaza.lamb-dev.upeu/dist/" "Mozilla/5.0 (Windows NT 10.0; Win64; x64) AppleWebKit/537.36 (KHTML, like Gecko) Chrome/51.0.2704.79 Safari/537.36 Edge/14.14393"
10.50.10.23 - - [29/May/2017:12:39:04 -0500] "GET /lamb/public/report HTTP/1.1" 200 486 "-" "Mozilla/5.0 (Windows NT 10.0; Win64; x64) AppleWebKit/537.36 (KHTML, like Gecko) Chrome/51.0.2704.79 Safari/537.36 Edge/14.14393"
10.50.10.23 - - [29/May/2017:12:39:16 -0500] "OPTIONS /lamb/public/example/email/inbox HTTP/1.1" 404 12600 "-" "Mozilla/5.0 (Windows NT 10.0; Win64; x64) AppleWebKit/537.36 (KHTML, like Gecko) Chrome/51.0.2704.79 Safari/537.36 Edge/14.14393"
10.50.10.23 - - [29/May/2017:12:39:17 -0500] "OPTIONS /lamb/public/report?filter=&limit=10&order=-id&page=1&token= HTTP/1.1" 200 - "-" "Mozilla/5.0 (Windows NT 10.0; Win64; x64) AppleWebKit/537.36 (KHTML, like Gecko) Chrome/51.0.2704.79 Safari/537.36 Edge/14.14393"
10.50.10.23 - Amelio Apaza Humerez [29/May/2017:12:39:17 -0500] "GET /lamb/public/report?filter=&limit=10&order=-id&page=1&token= HTTP/1.1" 200 486 "http://amelio.apaza.lamb-dev.upeu/dist/" "Mozilla/5.0 (Windows NT 10.0; Win64; x64) AppleWebKit/537.36 (KHTML, like Gecko) Chrome/51.0.2704.79 Safari/537.36 Edge/14.14393"
10.50.10.95 - - [29/May/2017:12:41:36 -0500] "OPTIONS /lamb/public/example/email/inbox HTTP/1.1" 404 12600 "-" "Mozilla/5.0 (Windows NT 10.0; Win64; x64) AppleWebKit/537.36 (KHTML, like Gecko) Chrome/51.0.2704.79 Safari/537.36 Edge/14.14393"
10.50.10.95 - - [29/May/2017:12:41:37 -0500] "OPTIONS /lamb/public/report?filter=&limit=10&order=-id&page=1&token= HTTP/1.1" 200 - "-" "Mozilla/5.0 (Windows NT 10.0; Win64; x64) AppleWebKit/537.36 (KHTML, like Gecko) Chrome/51.0.2704.79 Safari/537.36 Edge/14.14393"
10.50.10.95 - Carlos Eduardo Saavedra Vasconez [29/May/2017:12:41:38 -0500] "GET /lamb/public/report?filter=&limit=10&order=-id&page=1&token= HTTP/1.1" 200 486 "http://amelio.apaza.lamb-dev.upeu/dist/" "Mozilla/5.0 (Windows NT 10.0; Win64; x64) AppleWebKit/537.36 (KHTML, like Gecko) Chrome/51.0.2704.79 Safari/537.36 Edge/14.14393"
10.50.10.95 - - [29/May/2017:12:47:12 -0500] "OPTIONS /lamb/public/login?email=carlos.saavedra&password=password1&username=carlos.saavedra HTTP/1.1" 200 - "-" "Mozilla/5.0 (Windows NT 10.0; Win64; x64) AppleWebKit/537.36 (KHTML, like Gecko) Chrome/51.0.2704.79 Safari/537.36 Edge/14.14393"
10.50.10.95 - - [29/May/2017:12:47:12 -0500] "POST /lamb/public/login?email=carlos.saavedra&password=password1&username=carlos.saavedra HTTP/1.1" 200 112 "http://carlos.saavedra.lamb-dev.upeu/dist/" "Mozilla/5.0 (Windows NT 10.0; Win64; x64) AppleWebKit/537.36 (KHTML, like Gecko) Chrome/51.0.2704.79 Safari/537.36 Edge/14.14393"
10.50.10.95 - - [29/May/2017:12:47:12 -0500] "OPTIONS /lamb/public/app?token= HTTP/1.1" 200 - "-" "Mozilla/5.0 (Windows NT 10.0; Win64; x64) AppleWebKit/537.36 (KHTML, like Gecko) Chrome/51.0.2704.79 Safari/537.36 Edge/14.14393"
10.50.10.95 - - [29/May/2017:12:47:13 -0500] "OPTIONS /lamb/public/example/email/inbox HTTP/1.1" 404 12600 "-" "Mozilla/5.0 (Windows NT 10.0; Win64; x64) AppleWebKit/537.36 (KHTML, like Gecko) Chrome/51.0.2704.79 Safari/537.36 Edge/14.14393"
10.50.10.95 - Carlos Eduardo Saavedra Vasconez [29/May/2017:12:47:15 -0500] "GET /lamb/public/app?token= HTTP/1.1" 200 250 "http://carlos.saavedra.lamb-dev.upeu/dist/" "Mozilla/5.0 (Windows NT 10.0; Win64; x64) AppleWebKit/537.36 (KHTML, like Gecko) Chrome/51.0.2704.79 Safari/537.36 Edge/14.14393"
10.50.10.95 - - [29/May/2017:12:56:10 -0500] "OPTIONS /lamb/public/login?email=carlos.saavedra&password=password1&username=carlos.saavedra HTTP/1.1" 200 - "-" "Mozilla/5.0 (Windows NT 10.0; Win64; x64) AppleWebKit/537.36 (KHTML, like Gecko) Chrome/51.0.2704.79 Safari/537.36 Edge/14.14393"
10.50.10.95 - - [29/May/2017:12:56:11 -0500] "POST /lamb/public/login?email=carlos.saavedra&password=password1&username=carlos.saavedra HTTP/1.1" 200 112 "http://carlos.saavedra.lamb-dev.upeu/dist/" "Mozilla/5.0 (Windows NT 10.0; Win64; x64) AppleWebKit/537.36 (KHTML, like Gecko) Chrome/51.0.2704.79 Safari/537.36 Edge/14.14393"
10.50.10.95 - - [29/May/2017:12:56:11 -0500] "OPTIONS /lamb/public/app?token= HTTP/1.1" 200 - "-" "Mozilla/5.0 (Windows NT 10.0; Win64; x64) AppleWebKit/537.36 (KHTML, like Gecko) Chrome/51.0.2704.79 Safari/537.36 Edge/14.14393"
10.50.10.95 - - [29/May/2017:12:56:11 -0500] "OPTIONS /lamb/public/example/email/inbox HTTP/1.1" 404 12600 "-" "Mozilla/5.0 (Windows NT 10.0; Win64; x64) AppleWebKit/537.36 (KHTML, like Gecko) Chrome/51.0.2704.79 Safari/537.36 Edge/14.14393"
10.50.10.95 - Carlos Eduardo Saavedra Vasconez [29/May/2017:12:56:13 -0500] "GET /lamb/public/app?token= HTTP/1.1" 200 250 "http://carlos.saavedra.lamb-dev.upeu/dist/" "Mozilla/5.0 (Windows NT 10.0; Win64; x64) AppleWebKit/537.36 (KHTML, like Gecko) Chrome/51.0.2704.79 Safari/537.36 Edge/14.14393"
192.168.0.46 - - [29/May/2017:14:25:36 -0500] "OPTIONS /lamb/public/login?email=amelio.apaza&password=password1&username=amelio.apaza HTTP/1.1" 200 - "http://amelio.apaza.lamb-dev.upeu/dist/" "Mozilla/5.0 (Windows NT 6.2; Win64; x64) AppleWebKit/537.36 (KHTML, like Gecko) Chrome/58.0.3029.110 Safari/537.36"
192.168.0.46 - - [29/May/2017:14:25:36 -0500] "POST /lamb/public/login?email=amelio.apaza&password=password1&username=amelio.apaza HTTP/1.1" 200 100 "http://amelio.apaza.lamb-dev.upeu/dist/" "Mozilla/5.0 (Windows NT 6.2; Win64; x64) AppleWebKit/537.36 (KHTML, like Gecko) Chrome/58.0.3029.110 Safari/537.36"
192.168.0.46 - - [29/May/2017:14:25:36 -0500] "OPTIONS /lamb/public/app?token= HTTP/1.1" 200 - "http://amelio.apaza.lamb-dev.upeu/dist/" "Mozilla/5.0 (Windows NT 6.2; Win64; x64) AppleWebKit/537.36 (KHTML, like Gecko) Chrome/58.0.3029.110 Safari/537.36"
192.168.0.46 - - [29/May/2017:14:25:36 -0500] "OPTIONS /lamb/public/example/email/inbox HTTP/1.1" 404 12600 "http://amelio.apaza.lamb-dev.upeu/dist/" "Mozilla/5.0 (Windows NT 6.2; Win64; x64) AppleWebKit/537.36 (KHTML, like Gecko) Chrome/58.0.3029.110 Safari/537.36"
192.168.0.46 - Amelio Apaza Humerez [29/May/2017:14:25:37 -0500] "GET /lamb/public/app?token= HTTP/1.1" 200 250 "http://amelio.apaza.lamb-dev.upeu/dist/" "Mozilla/5.0 (Windows NT 6.2; Win64; x64) AppleWebKit/537.36 (KHTML, like Gecko) Chrome/58.0.3029.110 Safari/537.36"
192.168.0.46 - - [29/May/2017:14:25:50 -0500] "OPTIONS /lamb/public/app2?mod_id=1&token= HTTP/1.1" 200 - "http://amelio.apaza.lamb-dev.upeu/dist/" "Mozilla/5.0 (Windows NT 6.2; Win64; x64) AppleWebKit/537.36 (KHTML, like Gecko) Chrome/58.0.3029.110 Safari/537.36"
192.168.0.46 - Amelio Apaza Humerez [29/May/2017:14:25:50 -0500] "GET /lamb/public/app2?mod_id=1&token= HTTP/1.1" 200 444 "http://amelio.apaza.lamb-dev.upeu/dist/" "Mozilla/5.0 (Windows NT 6.2; Win64; x64) AppleWebKit/537.36 (KHTML, like Gecko) Chrome/58.0.3029.110 Safari/537.36"
192.168.0.46 - - [29/May/2017:14:25:53 -0500] "OPTIONS /lamb/public/report?filter=&limit=10&order=-id&page=1&token= HTTP/1.1" 200 - "http://amelio.apaza.lamb-dev.upeu/dist/" "Mozilla/5.0 (Windows NT 6.2; Win64; x64) AppleWebKit/537.36 (KHTML, like Gecko) Chrome/58.0.3029.110 Safari/537.36"
192.168.0.46 - Amelio Apaza Humerez [29/May/2017:14:25:53 -0500] "GET /lamb/public/report?filter=&limit=10&order=-id&page=1&token= HTTP/1.1" 200 486 "http://amelio.apaza.lamb-dev.upeu/dist/" "Mozilla/5.0 (Windows NT 6.2; Win64; x64) AppleWebKit/537.36 (KHTML, like Gecko) Chrome/58.0.3029.110 Safari/537.36"
192.168.0.46 - - [29/May/2017:14:25:58 -0500] "OPTIONS /lamb/public/app?token= HTTP/1.1" 200 - "http://amelio.apaza.lamb-dev.upeu/dist/" "Mozilla/5.0 (Windows NT 6.2; Win64; x64) AppleWebKit/537.36 (KHTML, like Gecko) Chrome/58.0.3029.110 Safari/537.36"
192.168.0.46 - Amelio Apaza Humerez [29/May/2017:14:25:59 -0500] "GET /lamb/public/app?token= HTTP/1.1" 200 250 "http://amelio.apaza.lamb-dev.upeu/dist/" "Mozilla/5.0 (Windows NT 6.2; Win64; x64) AppleWebKit/537.36 (KHTML, like Gecko) Chrome/58.0.3029.110 Safari/537.36"
10.50.10.95 - - [29/May/2017:14:29:24 -0500] "OPTIONS /lamb/public/login?email=carlos.saavedra&password=password1&username=carlos.saavedra HTTP/1.1" 200 - "-" "Mozilla/5.0 (Windows NT 10.0; Win64; x64) AppleWebKit/537.36 (KHTML, like Gecko) Chrome/51.0.2704.79 Safari/537.36 Edge/14.14393"
10.50.10.95 - - [29/May/2017:14:29:24 -0500] "POST /lamb/public/login?email=carlos.saavedra&password=password1&username=carlos.saavedra HTTP/1.1" 200 112 "http://carlos.saavedra.lamb-dev.upeu/dist/" "Mozilla/5.0 (Windows NT 10.0; Win64; x64) AppleWebKit/537.36 (KHTML, like Gecko) Chrome/51.0.2704.79 Safari/537.36 Edge/14.14393"
10.50.10.95 - - [29/May/2017:14:29:25 -0500] "OPTIONS /lamb/public/app?token= HTTP/1.1" 200 - "-" "Mozilla/5.0 (Windows NT 10.0; Win64; x64) AppleWebKit/537.36 (KHTML, like Gecko) Chrome/51.0.2704.79 Safari/537.36 Edge/14.14393"
10.50.10.95 - - [29/May/2017:14:29:25 -0500] "OPTIONS /lamb/public/example/email/inbox HTTP/1.1" 404 12600 "-" "Mozilla/5.0 (Windows NT 10.0; Win64; x64) AppleWebKit/537.36 (KHTML, like Gecko) Chrome/51.0.2704.79 Safari/537.36 Edge/14.14393"
10.50.10.95 - Carlos Eduardo Saavedra Vasconez [29/May/2017:14:29:26 -0500] "GET /lamb/public/app?token= HTTP/1.1" 200 250 "http://carlos.saavedra.lamb-dev.upeu/dist/" "Mozilla/5.0 (Windows NT 10.0; Win64; x64) AppleWebKit/537.36 (KHTML, like Gecko) Chrome/51.0.2704.79 Safari/537.36 Edge/14.14393"
10.50.10.95 - - [29/May/2017:14:31:27 -0500] "OPTIONS /lamb/public/app?token= HTTP/1.1" 200 - "-" "Mozilla/5.0 (Windows NT 10.0; Win64; x64) AppleWebKit/537.36 (KHTML, like Gecko) Chrome/51.0.2704.79 Safari/537.36 Edge/14.14393"
10.50.10.95 - Carlos Eduardo Saavedra Vasconez [29/May/2017:14:31:27 -0500] "GET /lamb/public/app?token= HTTP/1.1" 200 250 "http://carlos.saavedra.lamb-dev.upeu/dist/" "Mozilla/5.0 (Windows NT 10.0; Win64; x64) AppleWebKit/537.36 (KHTML, like Gecko) Chrome/51.0.2704.79 Safari/537.36 Edge/14.14393"
10.50.10.95 - - [29/May/2017:14:33:14 -0500] "OPTIONS /lamb/public/app2?mod_id=1&token= HTTP/1.1" 200 - "-" "Mozilla/5.0 (Windows NT 10.0; Win64; x64) AppleWebKit/537.36 (KHTML, like Gecko) Chrome/51.0.2704.79 Safari/537.36 Edge/14.14393"
10.50.10.95 - Carlos Eduardo Saavedra Vasconez [29/May/2017:14:33:14 -0500] "GET /lamb/public/app2?mod_id=1&token= HTTP/1.1" 200 444 "http://carlos.saavedra.lamb-dev.upeu/dist/" "Mozilla/5.0 (Windows NT 10.0; Win64; x64) AppleWebKit/537.36 (KHTML, like Gecko) Chrome/51.0.2704.79 Safari/537.36 Edge/14.14393"
10.50.10.95 - - [29/May/2017:14:33:22 -0500] "OPTIONS /lamb/public/report?filter=&limit=10&order=-id&page=1&token= HTTP/1.1" 200 - "-" "Mozilla/5.0 (Windows NT 10.0; Win64; x64) AppleWebKit/537.36 (KHTML, like Gecko) Chrome/51.0.2704.79 Safari/537.36 Edge/14.14393"
10.50.10.95 - Carlos Eduardo Saavedra Vasconez [29/May/2017:14:33:22 -0500] "GET /lamb/public/report?filter=&limit=10&order=-id&page=1&token= HTTP/1.1" 200 486 "http://carlos.saavedra.lamb-dev.upeu/dist/" "Mozilla/5.0 (Windows NT 10.0; Win64; x64) AppleWebKit/537.36 (KHTML, like Gecko) Chrome/51.0.2704.79 Safari/537.36 Edge/14.14393"
10.50.10.95 - - [29/May/2017:14:36:49 -0500] "OPTIONS /lamb/public/login?email=carlos.saavedra&password=password1&username=carlos.saavedra HTTP/1.1" 200 - "-" "Mozilla/5.0 (Windows NT 10.0; Win64; x64) AppleWebKit/537.36 (KHTML, like Gecko) Chrome/51.0.2704.79 Safari/537.36 Edge/14.14393"
10.50.10.95 - - [29/May/2017:14:36:50 -0500] "POST /lamb/public/login?email=carlos.saavedra&password=password1&username=carlos.saavedra HTTP/1.1" 200 112 "http://carlos.saavedra.lamb-dev.upeu/dist/" "Mozilla/5.0 (Windows NT 10.0; Win64; x64) AppleWebKit/537.36 (KHTML, like Gecko) Chrome/51.0.2704.79 Safari/537.36 Edge/14.14393"
10.50.10.95 - - [29/May/2017:14:36:50 -0500] "OPTIONS /lamb/public/app?token= HTTP/1.1" 200 - "-" "Mozilla/5.0 (Windows NT 10.0; Win64; x64) AppleWebKit/537.36 (KHTML, like Gecko) Chrome/51.0.2704.79 Safari/537.36 Edge/14.14393"
10.50.10.95 - - [29/May/2017:14:36:50 -0500] "OPTIONS /lamb/public/example/email/inbox HTTP/1.1" 404 12600 "-" "Mozilla/5.0 (Windows NT 10.0; Win64; x64) AppleWebKit/537.36 (KHTML, like Gecko) Chrome/51.0.2704.79 Safari/537.36 Edge/14.14393"
10.50.10.95 - Carlos Eduardo Saavedra Vasconez [29/May/2017:14:36:51 -0500] "GET /lamb/public/app?token= HTTP/1.1" 200 250 "http://carlos.saavedra.lamb-dev.upeu/dist/" "Mozilla/5.0 (Windows NT 10.0; Win64; x64) AppleWebKit/537.36 (KHTML, like Gecko) Chrome/51.0.2704.79 Safari/537.36 Edge/14.14393"
192.168.0.46 - - [30/May/2017:22:04:51 -0500] "OPTIONS /lamb/public/login?email=amelio.apaza&password=password1&username=amelio.apaza HTTP/1.1" 200 - "http://amelio.apaza.lamb-dev.upeu/dist/" "Mozilla/5.0 (Windows NT 6.2; Win64; x64) AppleWebKit/537.36 (KHTML, like Gecko) Chrome/58.0.3029.110 Safari/537.36"
192.168.0.46 - - [30/May/2017:22:04:51 -0500] "POST /lamb/public/login?email=amelio.apaza&password=password1&username=amelio.apaza HTTP/1.1" 200 100 "http://amelio.apaza.lamb-dev.upeu/dist/" "Mozilla/5.0 (Windows NT 6.2; Win64; x64) AppleWebKit/537.36 (KHTML, like Gecko) Chrome/58.0.3029.110 Safari/537.36"
192.168.0.46 - - [30/May/2017:22:04:51 -0500] "OPTIONS /lamb/public/app?token= HTTP/1.1" 200 - "http://amelio.apaza.lamb-dev.upeu/dist/" "Mozilla/5.0 (Windows NT 6.2; Win64; x64) AppleWebKit/537.36 (KHTML, like Gecko) Chrome/58.0.3029.110 Safari/537.36"
192.168.0.46 - - [30/May/2017:22:04:51 -0500] "OPTIONS /lamb/public/example/email/inbox HTTP/1.1" 404 12600 "http://amelio.apaza.lamb-dev.upeu/dist/" "Mozilla/5.0 (Windows NT 6.2; Win64; x64) AppleWebKit/537.36 (KHTML, like Gecko) Chrome/58.0.3029.110 Safari/537.36"
192.168.0.46 - Amelio Apaza Humerez [30/May/2017:22:04:52 -0500] "GET /lamb/public/app?token= HTTP/1.1" 200 250 "http://amelio.apaza.lamb-dev.upeu/dist/" "Mozilla/5.0 (Windows NT 6.2; Win64; x64) AppleWebKit/537.36 (KHTML, like Gecko) Chrome/58.0.3029.110 Safari/537.36"
192.168.0.46 - - [30/May/2017:22:04:55 -0500] "OPTIONS /lamb/public/app2?mod_id=1&token= HTTP/1.1" 200 - "http://amelio.apaza.lamb-dev.upeu/dist/" "Mozilla/5.0 (Windows NT 6.2; Win64; x64) AppleWebKit/537.36 (KHTML, like Gecko) Chrome/58.0.3029.110 Safari/537.36"
192.168.0.46 - Amelio Apaza Humerez [30/May/2017:22:04:55 -0500] "GET /lamb/public/app2?mod_id=1&token= HTTP/1.1" 200 444 "http://amelio.apaza.lamb-dev.upeu/dist/" "Mozilla/5.0 (Windows NT 6.2; Win64; x64) AppleWebKit/537.36 (KHTML, like Gecko) Chrome/58.0.3029.110 Safari/537.36"
192.168.0.46 - - [30/May/2017:22:04:58 -0500] "OPTIONS /lamb/public/report?filter=&limit=10&order=-id&page=1&token= HTTP/1.1" 200 - "http://amelio.apaza.lamb-dev.upeu/dist/" "Mozilla/5.0 (Windows NT 6.2; Win64; x64) AppleWebKit/537.36 (KHTML, like Gecko) Chrome/58.0.3029.110 Safari/537.36"
192.168.0.46 - Amelio Apaza Humerez [30/May/2017:22:04:58 -0500] "GET /lamb/public/report?filter=&limit=10&order=-id&page=1&token= HTTP/1.1" 200 486 "http://amelio.apaza.lamb-dev.upeu/dist/" "Mozilla/5.0 (Windows NT 6.2; Win64; x64) AppleWebKit/537.36 (KHTML, like Gecko) Chrome/58.0.3029.110 Safari/537.36"
192.168.0.24 - - [11/Jun/2017:17:26:03 -0500] "GET / HTTP/1.1" 200 147 "-" "Mozilla/5.0 (Macintosh; Intel Mac OS X 10_12_5) AppleWebKit/603.2.4 (KHTML, like Gecko) Version/10.1.1 Safari/603.2.4"
192.168.0.24 - - [11/Jun/2017:17:26:04 -0500] "GET /favicon.ico HTTP/1.1" 404 209 "http://alexander.llacho.lamb-dev.upeu/" "Mozilla/5.0 (Macintosh; Intel Mac OS X 10_12_5) AppleWebKit/603.2.4 (KHTML, like Gecko) Version/10.1.1 Safari/603.2.4"
192.168.0.24 - - [11/Jun/2017:17:26:10 -0500] "GET / HTTP/1.1" 200 147 "-" "Mozilla/5.0 (Macintosh; Intel Mac OS X 10_12_5) AppleWebKit/603.2.4 (KHTML, like Gecko) Version/10.1.1 Safari/603.2.4"
192.168.0.24 - - [11/Jun/2017:17:26:12 -0500] "GET /lamb/public/login?email=amelio.apaza&password=password1&username=amelio.apaza HTTP/1.1" 405 13302 "-" "Mozilla/5.0 (Macintosh; Intel Mac OS X 10_12_5) AppleWebKit/603.2.4 (KHTML, like Gecko) Version/10.1.1 Safari/603.2.4"
192.168.0.24 - - [11/Jun/2017:17:26:13 -0500] "GET /lamb/public/login?email=amelio.apaza&password=password1&username=amelio.apaza HTTP/1.1" 405 13302 "-" "Mozilla/5.0 (Macintosh; Intel Mac OS X 10_12_5) AppleWebKit/603.2.4 (KHTML, like Gecko) Version/10.1.1 Safari/603.2.4"
192.168.0.24 - - [11/Jun/2017:17:26:18 -0500] "GET /lamb/public/login?email=amelio.apaza&password=password1&username=amelio.apaza HTTP/1.1" 405 13302 "-" "Mozilla/5.0 (Macintosh; Intel Mac OS X 10_12_5) AppleWebKit/603.2.4 (KHTML, like Gecko) Version/10.1.1 Safari/603.2.4"
192.168.0.24 - - [11/Jun/2017:17:26:29 -0500] "GET /lamb/public/login?email=amelio.apaza&password=password1&username=amelio.apaza HTTP/1.1" 405 13302 "-" "Mozilla/5.0 (Macintosh; Intel Mac OS X 10_12_5) AppleWebKit/603.2.4 (KHTML, like Gecko) Version/10.1.1 Safari/603.2.4"
192.168.0.24 - - [11/Jun/2017:17:26:30 -0500] "GET /lamb/public/ HTTP/1.1" 200 2648 "-" "Mozilla/5.0 (Macintosh; Intel Mac OS X 10_12_5) AppleWebKit/603.2.4 (KHTML, like Gecko) Version/10.1.1 Safari/603.2.4"
192.168.0.24 - - [11/Jun/2017:17:27:40 -0500] "GET /lamb/public/report HTTP/1.1" 200 486 "-" "Mozilla/5.0 (Macintosh; Intel Mac OS X 10_12_5) AppleWebKit/603.2.4 (KHTML, like Gecko) Version/10.1.1 Safari/603.2.4"
192.168.0.24 - - [11/Jun/2017:17:28:45 -0500] "OPTIONS /lamb/public/login?email=amelio.apaza&password=passqord1&username=amelio.apaza HTTP/1.1" 200 - "http://amelio.apaza.lamb-dev.upeu/dist/" "Mozilla/5.0 (Macintosh; Intel Mac OS X 10_12_5) AppleWebKit/603.2.4 (KHTML, like Gecko) Version/10.1.1 Safari/603.2.4"
192.168.0.24 - - [11/Jun/2017:17:28:45 -0500] "POST /lamb/public/login?email=amelio.apaza&password=passqord1&username=amelio.apaza HTTP/1.1" 200 62 "http://amelio.apaza.lamb-dev.upeu/dist/" "Mozilla/5.0 (Macintosh; Intel Mac OS X 10_12_5) AppleWebKit/603.2.4 (KHTML, like Gecko) Version/10.1.1 Safari/603.2.4"
192.168.0.24 - - [11/Jun/2017:17:28:53 -0500] "OPTIONS /lamb/public/login?email=amelio.apaza&password=passqord1&username=amelio.apaza HTTP/1.1" 200 - "http://amelio.apaza.lamb-dev.upeu/dist/" "Mozilla/5.0 (Macintosh; Intel Mac OS X 10_12_5) AppleWebKit/603.2.4 (KHTML, like Gecko) Version/10.1.1 Safari/603.2.4"
192.168.0.24 - - [11/Jun/2017:17:28:53 -0500] "POST /lamb/public/login?email=amelio.apaza&password=passqord1&username=amelio.apaza HTTP/1.1" 200 62 "http://amelio.apaza.lamb-dev.upeu/dist/" "Mozilla/5.0 (Macintosh; Intel Mac OS X 10_12_5) AppleWebKit/603.2.4 (KHTML, like Gecko) Version/10.1.1 Safari/603.2.4"
192.168.0.24 - - [11/Jun/2017:17:29:01 -0500] "OPTIONS /lamb/public/login?email=amelio.apaza&password=password1&username=amelio.apaza HTTP/1.1" 200 - "http://amelio.apaza.lamb-dev.upeu/dist/" "Mozilla/5.0 (Macintosh; Intel Mac OS X 10_12_5) AppleWebKit/603.2.4 (KHTML, like Gecko) Version/10.1.1 Safari/603.2.4"
192.168.0.24 - - [11/Jun/2017:17:29:01 -0500] "POST /lamb/public/login?email=amelio.apaza&password=password1&username=amelio.apaza HTTP/1.1" 200 100 "http://amelio.apaza.lamb-dev.upeu/dist/" "Mozilla/5.0 (Macintosh; Intel Mac OS X 10_12_5) AppleWebKit/603.2.4 (KHTML, like Gecko) Version/10.1.1 Safari/603.2.4"
192.168.0.24 - - [11/Jun/2017:17:29:02 -0500] "OPTIONS /lamb/public/app?token= HTTP/1.1" 200 - "http://amelio.apaza.lamb-dev.upeu/dist/" "Mozilla/5.0 (Macintosh; Intel Mac OS X 10_12_5) AppleWebKit/603.2.4 (KHTML, like Gecko) Version/10.1.1 Safari/603.2.4"
192.168.0.24 - - [11/Jun/2017:17:29:02 -0500] "OPTIONS /lamb/public/example/email/inbox HTTP/1.1" 404 12600 "http://amelio.apaza.lamb-dev.upeu/dist/" "Mozilla/5.0 (Macintosh; Intel Mac OS X 10_12_5) AppleWebKit/603.2.4 (KHTML, like Gecko) Version/10.1.1 Safari/603.2.4"
192.168.0.24 - Amelio Apaza Humerez [11/Jun/2017:17:29:02 -0500] "GET /lamb/public/app?token= HTTP/1.1" 200 250 "http://amelio.apaza.lamb-dev.upeu/dist/" "Mozilla/5.0 (Macintosh; Intel Mac OS X 10_12_5) AppleWebKit/603.2.4 (KHTML, like Gecko) Version/10.1.1 Safari/603.2.4"
192.168.0.24 - - [11/Jun/2017:17:29:07 -0500] "OPTIONS /lamb/public/app2?mod_id=1&token= HTTP/1.1" 200 - "http://amelio.apaza.lamb-dev.upeu/dist/" "Mozilla/5.0 (Macintosh; Intel Mac OS X 10_12_5) AppleWebKit/603.2.4 (KHTML, like Gecko) Version/10.1.1 Safari/603.2.4"
192.168.0.24 - Amelio Apaza Humerez [11/Jun/2017:17:29:07 -0500] "GET /lamb/public/app2?mod_id=1&token= HTTP/1.1" 200 444 "http://amelio.apaza.lamb-dev.upeu/dist/" "Mozilla/5.0 (Macintosh; Intel Mac OS X 10_12_5) AppleWebKit/603.2.4 (KHTML, like Gecko) Version/10.1.1 Safari/603.2.4"
192.168.0.24 - - [11/Jun/2017:17:29:09 -0500] "OPTIONS /lamb/public/report?filter=&limit=10&order=-id&page=1&token= HTTP/1.1" 200 - "http://amelio.apaza.lamb-dev.upeu/dist/" "Mozilla/5.0 (Macintosh; Intel Mac OS X 10_12_5) AppleWebKit/603.2.4 (KHTML, like Gecko) Version/10.1.1 Safari/603.2.4"
192.168.0.24 - Amelio Apaza Humerez [11/Jun/2017:17:29:09 -0500] "GET /lamb/public/report?filter=&limit=10&order=-id&page=1&token= HTTP/1.1" 200 486 "http://amelio.apaza.lamb-dev.upeu/dist/" "Mozilla/5.0 (Macintosh; Intel Mac OS X 10_12_5) AppleWebKit/603.2.4 (KHTML, like Gecko) Version/10.1.1 Safari/603.2.4"
192.168.0.24 - - [11/Jun/2017:17:29:57 -0500] "OPTIONS /lamb/public/example/email/inbox HTTP/1.1" 404 12600 "http://amelio.apaza.lamb-dev.upeu/dist/" "Mozilla/5.0 (Macintosh; Intel Mac OS X 10_12_5) AppleWebKit/603.2.4 (KHTML, like Gecko) Version/10.1.1 Safari/603.2.4"
192.168.0.24 - - [11/Jun/2017:17:29:57 -0500] "OPTIONS /lamb/public/report?filter=&limit=10&order=-id&page=1&token= HTTP/1.1" 200 - "http://amelio.apaza.lamb-dev.upeu/dist/" "Mozilla/5.0 (Macintosh; Intel Mac OS X 10_12_5) AppleWebKit/603.2.4 (KHTML, like Gecko) Version/10.1.1 Safari/603.2.4"
192.168.0.24 - Amelio Apaza Humerez [11/Jun/2017:17:29:58 -0500] "GET /lamb/public/report?filter=&limit=10&order=-id&page=1&token= HTTP/1.1" 200 486 "http://amelio.apaza.lamb-dev.upeu/dist/" "Mozilla/5.0 (Macintosh; Intel Mac OS X 10_12_5) AppleWebKit/603.2.4 (KHTML, like Gecko) Version/10.1.1 Safari/603.2.4"
192.168.0.68 - - [12/Jun/2017:15:33:15 -0500] "GET /lamb/public/report HTTP/1.1" 200 486 "-" "Mozilla/5.0 (Macintosh; Intel Mac OS X 10_12_5) AppleWebKit/537.36 (KHTML, like Gecko) Chrome/58.0.3029.110 Safari/537.36"
192.168.0.68 - - [12/Jun/2017:15:33:17 -0500] "GET /favicon.ico HTTP/1.1" 404 209 "http://alexander.llacho.lamb-dev.upeu/lamb/public/report" "Mozilla/5.0 (Macintosh; Intel Mac OS X 10_12_5) AppleWebKit/537.36 (KHTML, like Gecko) Chrome/58.0.3029.110 Safari/537.36"
192.168.0.68 - - [12/Jun/2017:15:33:49 -0500] "GET /lamb/public/report HTTP/1.1" 200 486 "-" "Mozilla/5.0 (Macintosh; Intel Mac OS X 10.12; rv:51.0) Gecko/20100101 Firefox/51.0"
192.168.0.71 - - [12/Jun/2017:15:33:50 -0500] "GET / HTTP/1.1" 200 147 "-" "Mozilla/5.0 (Windows NT 10.0; Win64; x64) AppleWebKit/537.36 (KHTML, like Gecko) Chrome/58.0.3029.110 Safari/537.36"
192.168.0.71 - - [12/Jun/2017:15:33:50 -0500] "GET /favicon.ico HTTP/1.1" 404 209 "http://alexander.llacho.lamb-dev.upeu/" "Mozilla/5.0 (Windows NT 10.0; Win64; x64) AppleWebKit/537.36 (KHTML, like Gecko) Chrome/58.0.3029.110 Safari/537.36"
192.168.0.46 - - [12/Jun/2017:15:34:04 -0500] "GET / HTTP/1.1" 200 147 "-" "Mozilla/5.0 (Windows NT 6.2; Win64; x64) AppleWebKit/537.36 (KHTML, like Gecko) Chrome/58.0.3029.110 Safari/537.36"
192.168.0.46 - - [12/Jun/2017:15:34:04 -0500] "GET /favicon.ico HTTP/1.1" 404 209 "http://alexander.llacho.lamb-dev.upeu/" "Mozilla/5.0 (Windows NT 6.2; Win64; x64) AppleWebKit/537.36 (KHTML, like Gecko) Chrome/58.0.3029.110 Safari/537.36"
192.168.0.71 - - [12/Jun/2017:15:34:12 -0500] "GET /lamb/public/report HTTP/1.1" 200 486 "-" "Mozilla/5.0 (Windows NT 10.0; Win64; x64) AppleWebKit/537.36 (KHTML, like Gecko) Chrome/58.0.3029.110 Safari/537.36"
192.168.0.46 - - [12/Jun/2017:15:34:33 -0500] "GET /lamb/public/report HTTP/1.1" 200 486 "-" "Mozilla/5.0 (Windows NT 6.2; Win64; x64) AppleWebKit/537.36 (KHTML, like Gecko) Chrome/58.0.3029.110 Safari/537.36"
192.168.0.46 - - [12/Jun/2017:16:30:33 -0500] "GET /lamb/public/report HTTP/1.1" 200 486 "http://localhost:4200/" "Mozilla/5.0 (Windows NT 6.2; Win64; x64) AppleWebKit/537.36 (KHTML, like Gecko) Chrome/58.0.3029.110 Safari/537.36"
192.168.0.68 - - [12/Jun/2017:16:30:51 -0500] "GET /lamb/public/report HTTP/1.1" 200 486 "http://localhost:4200/" "Mozilla/5.0 (Macintosh; Intel Mac OS X 10_12_5) AppleWebKit/537.36 (KHTML, like Gecko) Chrome/58.0.3029.110 Safari/537.36"
192.168.0.46 - - [12/Jun/2017:16:30:56 -0500] "GET /lamb/public/report HTTP/1.1" 200 486 "http://localhost:4200/" "Mozilla/5.0 (Windows NT 6.2; Win64; x64) AppleWebKit/537.36 (KHTML, like Gecko) Chrome/58.0.3029.110 Safari/537.36"
192.168.0.46 - - [12/Jun/2017:16:33:04 -0500] "GET /lamb/public/report HTTP/1.1" 200 486 "http://localhost:4200/" "Mozilla/5.0 (Windows NT 6.2; Win64; x64) AppleWebKit/537.36 (KHTML, like Gecko) Chrome/58.0.3029.110 Safari/537.36"
192.168.0.68 - - [12/Jun/2017:16:33:15 -0500] "GET /lamb/public/report HTTP/1.1" 200 486 "http://localhost:4200/" "Mozilla/5.0 (Linux; Android 6.0; Nexus 5 Build/MRA58N) AppleWebKit/537.36 (KHTML, like Gecko) Chrome/58.0.3029.110 Mobile Safari/537.36"
192.168.0.46 - - [12/Jun/2017:16:33:22 -0500] "GET /lamb/public/report HTTP/1.1" 200 486 "http://localhost:4200/" "Mozilla/5.0 (Windows NT 6.2; Win64; x64) AppleWebKit/537.36 (KHTML, like Gecko) Chrome/58.0.3029.110 Safari/537.36"
192.168.0.46 - - [12/Jun/2017:16:34:00 -0500] "GET /lamb/public/report HTTP/1.1" 200 486 "http://localhost:4200/" "Mozilla/5.0 (Windows NT 6.2; Win64; x64) AppleWebKit/537.36 (KHTML, like Gecko) Chrome/58.0.3029.110 Safari/537.36"
192.168.0.68 - - [12/Jun/2017:16:35:51 -0500] "GET /lamb/public/report HTTP/1.1" 200 486 "http://localhost:4200/" "Mozilla/5.0 (Linux; Android 6.0; Nexus 5 Build/MRA58N) AppleWebKit/537.36 (KHTML, like Gecko) Chrome/58.0.3029.110 Mobile Safari/537.36"
192.168.0.46 - - [12/Jun/2017:16:36:48 -0500] "GET /lamb/public/report HTTP/1.1" 200 486 "http://localhost:4200/" "Mozilla/5.0 (Windows NT 6.2; Win64; x64) AppleWebKit/537.36 (KHTML, like Gecko) Chrome/58.0.3029.110 Safari/537.36"
192.168.0.68 - - [12/Jun/2017:16:39:16 -0500] "GET /lamb/public/report HTTP/1.1" 200 486 "http://localhost:4200/" "Mozilla/5.0 (Linux; Android 6.0; Nexus 5 Build/MRA58N) AppleWebKit/537.36 (KHTML, like Gecko) Chrome/58.0.3029.110 Mobile Safari/537.36"
192.168.0.46 - - [12/Jun/2017:16:39:19 -0500] "GET /lamb/public/report HTTP/1.1" 200 486 "http://localhost:4200/" "Mozilla/5.0 (Windows NT 6.2; Win64; x64) AppleWebKit/537.36 (KHTML, like Gecko) Chrome/58.0.3029.110 Safari/537.36"
192.168.0.68 - - [12/Jun/2017:16:40:01 -0500] "GET /lamb/public/report HTTP/1.1" 200 486 "http://localhost:4200/" "Mozilla/5.0 (Linux; Android 6.0; Nexus 5 Build/MRA58N) AppleWebKit/537.36 (KHTML, like Gecko) Chrome/58.0.3029.110 Mobile Safari/537.36"
